Component: ARM Compiler 5.06 update 7 (build 960) Tool: armlink [4d3601]

==============================================================================

Section Cross References

    keypad.o(i.Clear_Line) refers to tft.o(i.TFT_set_window) for TFT_set_window
    keypad.o(i.Clear_Line) refers to tft.o(i.TFT_cls) for TFT_cls
    keypad.o(i.Display_value) refers to _printf_percent.o(.ARM.Collect$$_printf_percent$$00000000) for _printf_percent
    keypad.o(i.Display_value) refers to _printf_d.o(.ARM.Collect$$_printf_percent$$00000009) for _printf_d
    keypad.o(i.Display_value) refers to _printf_dec.o(.text) for _printf_int_dec
    keypad.o(i.Display_value) refers to tft.o(i.TFT_set_window) for TFT_set_window
    keypad.o(i.Display_value) refers to noretval__2snprintf.o(.text) for __2snprintf
    keypad.o(i.Display_value) refers to tft.o(i.TFT_cls) for TFT_cls
    keypad.o(i.Display_value) refers to tft.o(i.TFT_putc) for TFT_putc
    keypad.o(i.Get_Touch_Pad_Input) refers to _printf_pad.o(.text) for _printf_pre_padding
    keypad.o(i.Get_Touch_Pad_Input) refers to _printf_percent.o(.ARM.Collect$$_printf_percent$$00000000) for _printf_percent
    keypad.o(i.Get_Touch_Pad_Input) refers to _printf_x.o(.ARM.Collect$$_printf_percent$$0000000C) for _printf_x
    keypad.o(i.Get_Touch_Pad_Input) refers to _printf_hex_int.o(.text) for _printf_longlong_hex
    keypad.o(i.Get_Touch_Pad_Input) refers to tft.o(i.TFT_get_data) for TFT_get_data
    keypad.o(i.Get_Touch_Pad_Input) refers to noretval__2printf.o(.text) for __2printf
    keypad.o(i.Make_Touch_Pad) refers to tft.o(i.TFT_Init) for TFT_Init
    keypad.o(i.Make_Touch_Pad) refers to tft.o(i.TFT_cursor_off) for TFT_cursor_off
    keypad.o(i.Make_Touch_Pad) refers to tft.o(i.TFT_graphic_cls) for TFT_graphic_cls
    keypad.o(i.Make_Touch_Pad) refers to tft.o(i.TFT_touch_area_clear) for TFT_touch_area_clear
    keypad.o(i.Make_Touch_Pad) refers to tft.o(i.TFT_set_font_color) for TFT_set_font_color
    keypad.o(i.Make_Touch_Pad) refers to tft.o(i.TFT_set_window) for TFT_set_window
    keypad.o(i.Make_Touch_Pad) refers to tft.o(i.TFT_terminal_on) for TFT_terminal_on
    keypad.o(i.Make_Touch_Pad) refers to tft.o(i.TFT_touch_area_font_color) for TFT_touch_area_font_color
    keypad.o(i.Make_Touch_Pad) refers to tft.o(i.TFT_touch_area_font) for TFT_touch_area_font
    keypad.o(i.Make_Touch_Pad) refers to tft.o(i.TFT_touch_area_frame) for TFT_touch_area_frame
    keypad.o(i.Make_Touch_Pad) refers to tft.o(i.TFT_touch_area_color) for TFT_touch_area_color
    keypad.o(i.Make_Touch_Pad) refers to tft.o(i.TFT_touch_area) for TFT_touch_area
    tft.o(i.TFT_DeleteArea) refers to tft.o(i.TFT_send_data) for TFT_send_data
    tft.o(i.TFT_FillArea) refers to tft.o(i.TFT_send_data) for TFT_send_data
    tft.o(i.TFT_Init) refers to tft.o(i.TFT_terminal_on) for TFT_terminal_on
    tft.o(i.TFT_Init) refers to tft.o(i.TFT_cls) for TFT_cls
    tft.o(i.TFT_Init) refers to tft.o(i.TFT_touch_key_feedback) for TFT_touch_key_feedback
    tft.o(i.TFT_bargraph_color) refers to tft.o(i.TFT_send_data) for TFT_send_data
    tft.o(i.TFT_bargraph_define) refers to tft.o(i.TFT_send_data) for TFT_send_data
    tft.o(i.TFT_bargraph_fill_pattern) refers to tft.o(i.TFT_send_data) for TFT_send_data
    tft.o(i.TFT_bargraph_frame) refers to tft.o(i.TFT_send_data) for TFT_send_data
    tft.o(i.TFT_bargraph_value) refers to tft.o(i.TFT_send_data) for TFT_send_data
    tft.o(i.TFT_bigChar) refers to tft.o(i.TFT_DeleteArea) for TFT_DeleteArea
    tft.o(i.TFT_bigChar) refers to tft.o(i.TFT_set_font) for TFT_set_font
    tft.o(i.TFT_bigChar) refers to tft.o(i.TFT_set_text_color) for TFT_set_text_color
    tft.o(i.TFT_bigChar) refers to tft.o(i.TFT_send_data) for TFT_send_data
    tft.o(i.TFT_bigString) refers to tft.o(i.TFT_set_font) for TFT_set_font
    tft.o(i.TFT_bigString) refers to tft.o(i.TFT_set_text_color) for TFT_set_text_color
    tft.o(i.TFT_bigString) refers to tft.o(i.TFT_DeleteArea) for TFT_DeleteArea
    tft.o(i.TFT_bigString) refers to tft.o(i.TFT_send_data) for TFT_send_data
    tft.o(i.TFT_buzzer_off) refers to tft.o(i.TFT_send_data) for TFT_send_data
    tft.o(i.TFT_buzzer_on) refers to tft.o(i.TFT_send_data) for TFT_send_data
    tft.o(i.TFT_carriage_return) refers to tft.o(i.TFT_putc) for TFT_putc
    tft.o(i.TFT_cls) refers to tft.o(i.TFT_putc) for TFT_putc
    tft.o(i.TFT_cursor_off) refers to tft.o(i.TFT_send_data) for TFT_send_data
    tft.o(i.TFT_cursor_on) refers to tft.o(i.TFT_send_data) for TFT_send_data
    tft.o(i.TFT_draw_line) refers to tft.o(i.TFT_send_data) for TFT_send_data
    tft.o(i.TFT_draw_rectangle) refers to tft.o(i.TFT_send_data) for TFT_send_data
    tft.o(i.TFT_getProtocolSettings) refers to rt_memclr_w.o(.text) for __aeabi_memclr4
    tft.o(i.TFT_getProtocolSettings) refers to rt_memcpy_w.o(.text) for __aeabi_memcpy4
    tft.o(i.TFT_get_dat) refers to ti_lib.o(i.Delay) for Delay
    tft.o(i.TFT_get_data) refers to tft.o(i.TFT_get_dat) for TFT_get_dat
    tft.o(i.TFT_gotoxy) refers to tft.o(i.TFT_send_data) for TFT_send_data
    tft.o(i.TFT_graphic_cls) refers to tft.o(i.TFT_send_data) for TFT_send_data
    tft.o(i.TFT_graphic_puts) refers to tft.o(i.TFT_send_data) for TFT_send_data
    tft.o(i.TFT_graphic_puts_area) refers to tft.o(i.TFT_send_data) for TFT_send_data
    tft.o(i.TFT_graphic_set_point) refers to tft.o(i.TFT_send_data) for TFT_send_data
    tft.o(i.TFT_line_color) refers to tft.o(i.TFT_send_data) for TFT_send_data
    tft.o(i.TFT_newline) refers to tft.o(i.TFT_putc) for TFT_putc
    tft.o(i.TFT_putc) refers to tft.o(i.TFT_send_data) for TFT_send_data
    tft.o(i.TFT_puts) refers to strlen.o(.text) for strlen
    tft.o(i.TFT_puts) refers to tft.o(i.TFT_send_data) for TFT_send_data
    tft.o(i.TFT_set_brightness) refers to tft.o(i.TFT_send_data) for TFT_send_data
    tft.o(i.TFT_set_font) refers to tft.o(i.TFT_send_data) for TFT_send_data
    tft.o(i.TFT_set_font_color) refers to tft.o(i.TFT_send_data) for TFT_send_data
    tft.o(i.TFT_set_graphic_color) refers to tft.o(i.TFT_send_data) for TFT_send_data
    tft.o(i.TFT_set_graphic_text_color) refers to tft.o(i.TFT_send_data) for TFT_send_data
    tft.o(i.TFT_set_graphic_text_font) refers to tft.o(i.TFT_send_data) for TFT_send_data
    tft.o(i.TFT_set_pixel_color) refers to tft.o(i.TFT_send_data) for TFT_send_data
    tft.o(i.TFT_set_text_color) refers to tft.o(i.TFT_send_data) for TFT_send_data
    tft.o(i.TFT_set_window) refers to tft.o(i.TFT_send_data) for TFT_send_data
    tft.o(i.TFT_terminal_off) refers to tft.o(i.TFT_send_data) for TFT_send_data
    tft.o(i.TFT_terminal_on) refers to tft.o(i.TFT_send_data) for TFT_send_data
    tft.o(i.TFT_touch_area) refers to tft.o(i.TFT_send_data) for TFT_send_data
    tft.o(i.TFT_touch_area) refers to tft.o(.bss) for cmd
    tft.o(i.TFT_touch_area_clear) refers to tft.o(i.TFT_send_data) for TFT_send_data
    tft.o(i.TFT_touch_area_color) refers to tft.o(i.TFT_send_data) for TFT_send_data
    tft.o(i.TFT_touch_area_font) refers to tft.o(i.TFT_send_data) for TFT_send_data
    tft.o(i.TFT_touch_area_font_color) refers to tft.o(i.TFT_send_data) for TFT_send_data
    tft.o(i.TFT_touch_area_frame) refers to tft.o(i.TFT_send_data) for TFT_send_data
    tft.o(i.TFT_touch_key_feedback) refers to tft.o(i.TFT_send_data) for TFT_send_data
    ti_lib.o(i.Delay) refers to ti_lib.o(.data) for TimingDelay
    ti_lib.o(i.Init_TI_Board) refers to sim_board_io.o(i.Init_System_Clock) for Init_System_Clock
    ti_lib.o(i.Init_TI_Board) refers to sim_board_io.o(i.Init_IO) for Init_IO
    ti_lib.o(i.Init_TI_Board) refers to sim_board_io.o(i.Init_SPI) for Init_SPI
    ti_lib.o(i.Init_TI_Board) refers to serial.o(i.SER_Init) for SER_Init
    ti_lib.o(i.Init_TI_Board) refers to tft.o(i.TFT_Init) for TFT_Init
    ti_lib.o(i.Init_TI_Board) refers to ti_lib.o(i.Delay) for Delay
    ti_lib.o(i.SysTick_Handler) refers to ti_lib.o(i.TimingDelay_Decrement) for TimingDelay_Decrement
    ti_lib.o(i.TimingDelay_Decrement) refers to ti_lib.o(.data) for TimingDelay
    ti_lib.o(i.get_uptime) refers to ti_lib.o(.data) for uptime
    system_stm32f10x.o(i.SetSysClock) refers to system_stm32f10x.o(i.SetSysClockTo72) for SetSysClockTo72
    system_stm32f10x.o(i.SystemCoreClockUpdate) refers to system_stm32f10x.o(.data) for SystemCoreClock
    system_stm32f10x.o(i.SystemInit) refers to system_stm32f10x.o(i.SetSysClock) for SetSysClock
    startup_stm32f10x_md.o(STACK) refers (Special) to heapauxi.o(.text) for __use_two_region_memory
    startup_stm32f10x_md.o(HEAP) refers (Special) to heapauxi.o(.text) for __use_two_region_memory
    startup_stm32f10x_md.o(RESET) refers (Special) to heapauxi.o(.text) for __use_two_region_memory
    startup_stm32f10x_md.o(RESET) refers to startup_stm32f10x_md.o(STACK) for __initial_sp
    startup_stm32f10x_md.o(RESET) refers to startup_stm32f10x_md.o(.text) for Reset_Handler
    startup_stm32f10x_md.o(RESET) refers to ti_lib.o(i.SysTick_Handler) for SysTick_Handler
    startup_stm32f10x_md.o(.text) refers (Special) to heapauxi.o(.text) for __use_two_region_memory
    startup_stm32f10x_md.o(.text) refers to system_stm32f10x.o(i.SystemInit) for SystemInit
    startup_stm32f10x_md.o(.text) refers to __main.o(!!!main) for __main
    startup_stm32f10x_md.o(.text) refers to startup_stm32f10x_md.o(HEAP) for Heap_Mem
    startup_stm32f10x_md.o(.text) refers to startup_stm32f10x_md.o(STACK) for Stack_Mem
    retarget_1.o(i._ttywrch) refers to serial.o(i.SER_PutChar) for SER_PutChar
    retarget_1.o(i.fgetc) refers to serial.o(i.SER_GetChar) for SER_GetChar
    retarget_1.o(i.fgetc) refers to serial.o(i.SER_PutChar) for SER_PutChar
    retarget_1.o(i.fputc) refers to serial.o(i.SER_PutChar) for SER_PutChar
    getline.o(i.getline) refers to serial.o(i.SER_GetChar) for SER_GetChar
    getline.o(i.getline) refers to putc.o(.text) for putc
    getline.o(i.getline) refers to retarget_1.o(.data) for __stdout
    sim_board_io.o(i.Init_System_Clock) refers to system_stm32f10x.o(i.SystemCoreClockUpdate) for SystemCoreClockUpdate
    sim_board_io.o(i.Init_System_Clock) refers to system_stm32f10x.o(.data) for SystemCoreClock
    sim_board_io_asm.o(MyCode) refers to tft.o(i.TFT_cursor_off) for TFT_cursor_off
    sim_board_io_asm.o(MyCode) refers to tft.o(i.TFT_cls) for TFT_cls
    main_1.o(.text) refers to countprimnum.o(i.CountPrimNum) for CountPrimNum
    main_1.o(.text) refers to main_1.o(MyData) for prims
    __2printf.o(.text) refers to _printf_char_file.o(.text) for _printf_char_file
    __2printf.o(.text) refers to retarget_1.o(.data) for __stdout
    __2snprintf.o(.text) refers to _printf_char_common.o(.text) for _printf_char_common
    __2snprintf.o(.text) refers to _sputc.o(.text) for _sputc
    __2snprintf.o(.text) refers to _snputc.o(.text) for _snputc
    noretval__2printf.o(.text) refers to _printf_char_file.o(.text) for _printf_char_file
    noretval__2printf.o(.text) refers to retarget_1.o(.data) for __stdout
    noretval__2snprintf.o(.text) refers to _printf_char_common.o(.text) for _printf_char_common
    noretval__2snprintf.o(.text) refers to _sputc.o(.text) for _sputc
    noretval__2snprintf.o(.text) refers to _snputc.o(.text) for _snputc
    __printf.o(.text) refers to _printf_percent.o(.ARM.Collect$$_printf_percent$$00000000) for _printf_percent
    _printf_dec.o(.text) refers to _printf_intcommon.o(.text) for _printf_int_common
    _printf_hex_ll.o(.text) refers to _printf_intcommon.o(.text) for _printf_int_common
    _printf_hex_ll.o(.text) refers to _printf_hex_ll.o(.constdata) for .constdata
    _printf_hex_int.o(.text) refers to _printf_intcommon.o(.text) for _printf_int_common
    _printf_hex_int.o(.text) refers to _printf_hex_int.o(.constdata) for .constdata
    _printf_hex_int_ll.o(.text) refers to _printf_intcommon.o(.text) for _printf_int_common
    _printf_hex_int_ll.o(.text) refers to _printf_hex_int_ll.o(.constdata) for .constdata
    _printf_hex_ptr.o(.text) refers to _printf_intcommon.o(.text) for _printf_int_common
    _printf_hex_ptr.o(.text) refers to _printf_hex_ptr.o(.constdata) for .constdata
    _printf_hex_int_ptr.o(.text) refers to _printf_intcommon.o(.text) for _printf_int_common
    _printf_hex_int_ptr.o(.text) refers to _printf_hex_int_ptr.o(.constdata) for .constdata
    _printf_hex_ll_ptr.o(.text) refers to _printf_intcommon.o(.text) for _printf_int_common
    _printf_hex_ll_ptr.o(.text) refers to _printf_hex_ll_ptr.o(.constdata) for .constdata
    _printf_hex_int_ll_ptr.o(.text) refers to _printf_intcommon.o(.text) for _printf_int_common
    _printf_hex_int_ll_ptr.o(.text) refers to _printf_hex_int_ll_ptr.o(.constdata) for .constdata
    __printf_flags.o(.text) refers to _printf_percent.o(.ARM.Collect$$_printf_percent$$00000000) for _printf_percent
    __printf_flags.o(.text) refers to __printf_flags.o(.constdata) for .constdata
    __printf_ss.o(.text) refers to _printf_percent.o(.ARM.Collect$$_printf_percent$$00000000) for _printf_percent
    __printf_flags_ss.o(.text) refers to _printf_percent.o(.ARM.Collect$$_printf_percent$$00000000) for _printf_percent
    __printf_flags_ss.o(.text) refers to __printf_flags_ss.o(.constdata) for .constdata
    __printf_wp.o(.text) refers to __printf_wp.o(i._is_digit) for _is_digit
    __printf_wp.o(.text) refers to _printf_percent.o(.ARM.Collect$$_printf_percent$$00000000) for _printf_percent
    __printf_flags_wp.o(.text) refers to __printf_wp.o(i._is_digit) for _is_digit
    __printf_flags_wp.o(.text) refers to _printf_percent.o(.ARM.Collect$$_printf_percent$$00000000) for _printf_percent
    __printf_flags_wp.o(.text) refers to __printf_flags_wp.o(.constdata) for .constdata
    __printf_ss_wp.o(.text) refers to __printf_wp.o(i._is_digit) for _is_digit
    __printf_ss_wp.o(.text) refers to _printf_percent.o(.ARM.Collect$$_printf_percent$$00000000) for _printf_percent
    __printf_flags_ss_wp.o(.text) refers to __printf_wp.o(i._is_digit) for _is_digit
    __printf_flags_ss_wp.o(.text) refers to _printf_percent.o(.ARM.Collect$$_printf_percent$$00000000) for _printf_percent
    __printf_flags_ss_wp.o(.text) refers to __printf_flags_ss_wp.o(.constdata) for .constdata
    _printf_x.o(.ARM.Collect$$_printf_percent$$0000000C) refers (Weak) to _printf_hex_int.o(.text) for _printf_int_hex
    _printf_d.o(.ARM.Collect$$_printf_percent$$00000009) refers (Weak) to _printf_dec.o(.text) for _printf_int_dec
    _printf_percent.o(.ARM.Collect$$_printf_percent$$00000000) refers (Special) to _printf_percent_end.o(.ARM.Collect$$_printf_percent$$00000017) for _printf_percent_end
    putc.o(.text) refers to retarget_1.o(i.fputc) for fputc
    __main.o(!!!main) refers to __rtentry.o(.ARM.Collect$$rtentry$$00000000) for __rt_entry
    __rtentry.o(.ARM.Collect$$rtentry$$00000000) refers (Special) to __rtentry2.o(.ARM.Collect$$rtentry$$0000000A) for __rt_entry_li
    __rtentry.o(.ARM.Collect$$rtentry$$00000000) refers (Special) to __rtentry2.o(.ARM.Collect$$rtentry$$0000000D) for __rt_entry_main
    __rtentry.o(.ARM.Collect$$rtentry$$00000000) refers (Special) to __rtentry2.o(.ARM.Collect$$rtentry$$0000000C) for __rt_entry_postli_1
    __rtentry.o(.ARM.Collect$$rtentry$$00000000) refers (Special) to __rtentry2.o(.ARM.Collect$$rtentry$$00000009) for __rt_entry_postsh_1
    __rtentry.o(.ARM.Collect$$rtentry$$00000000) refers (Special) to __rtentry2.o(.ARM.Collect$$rtentry$$00000002) for __rt_entry_presh_1
    __rtentry.o(.ARM.Collect$$rtentry$$00000000) refers (Special) to __rtentry4.o(.ARM.Collect$$rtentry$$00000004) for __rt_entry_sh
    _printf_intcommon.o(.text) refers (Weak) to _printf_pad.o(.text) for _printf_pre_padding
    _printf_intcommon.o(.text) refers (Weak) to _printf_pad.o(.text) for _printf_pre_padding
    _printf_intcommon.o(.text) refers (Weak) to _printf_pad.o(.text) for _printf_post_padding
    _printf_char_common.o(.text) refers to __printf_flags_wp.o(.text) for __printf
    _printf_char_file.o(.text) refers to _printf_char_common.o(.text) for _printf_char_common
    _printf_char_file.o(.text) refers to retarget_1.o(i.ferror) for ferror
    _printf_char_file.o(.text) refers to retarget_1.o(i.fputc) for fputc
    __rtentry2.o(.ARM.Collect$$rtentry$$00000008) refers to boardinit2.o(.text) for _platform_post_stackheap_init
    __rtentry2.o(.ARM.Collect$$rtentry$$0000000A) refers to libinit.o(.ARM.Collect$$libinit$$00000000) for __rt_lib_init
    __rtentry2.o(.ARM.Collect$$rtentry$$0000000B) refers to boardinit3.o(.text) for _platform_post_lib_init
    __rtentry2.o(.ARM.Collect$$rtentry$$0000000D) refers to main_1.o(.text) for main
    __rtentry2.o(.ARM.Collect$$rtentry$$0000000D) refers to exit.o(.text) for exit
    __rtentry2.o(.ARM.exidx) refers to __rtentry2.o(.ARM.Collect$$rtentry$$00000001) for .ARM.Collect$$rtentry$$00000001
    __rtentry2.o(.ARM.exidx) refers to __rtentry2.o(.ARM.Collect$$rtentry$$00000008) for .ARM.Collect$$rtentry$$00000008
    __rtentry2.o(.ARM.exidx) refers to __rtentry2.o(.ARM.Collect$$rtentry$$0000000A) for .ARM.Collect$$rtentry$$0000000A
    __rtentry2.o(.ARM.exidx) refers to __rtentry2.o(.ARM.Collect$$rtentry$$0000000B) for .ARM.Collect$$rtentry$$0000000B
    __rtentry2.o(.ARM.exidx) refers to __rtentry2.o(.ARM.Collect$$rtentry$$0000000D) for .ARM.Collect$$rtentry$$0000000D
    __rtentry4.o(.ARM.Collect$$rtentry$$00000004) refers to sys_stackheap_outer.o(.text) for __user_setup_stackheap
    __rtentry4.o(.ARM.exidx) refers to __rtentry4.o(.ARM.Collect$$rtentry$$00000004) for .ARM.Collect$$rtentry$$00000004
    sys_stackheap_outer.o(.text) refers to libspace.o(.text) for __user_perproc_libspace
    sys_stackheap_outer.o(.text) refers to startup_stm32f10x_md.o(.text) for __user_initial_stackheap
    exit.o(.text) refers to rtexit.o(.ARM.Collect$$rtexit$$00000000) for __rt_exit
    libinit.o(.ARM.Collect$$libinit$$00000000) refers (Special) to libinit2.o(.ARM.Collect$$libinit$$0000002E) for __rt_lib_init_alloca_1
    libinit.o(.ARM.Collect$$libinit$$00000000) refers (Special) to libinit2.o(.ARM.Collect$$libinit$$00000027) for __rt_lib_init_argv_1
    libinit.o(.ARM.Collect$$libinit$$00000000) refers (Special) to libinit2.o(.ARM.Collect$$libinit$$0000001B) for __rt_lib_init_atexit_1
    libinit.o(.ARM.Collect$$libinit$$00000000) refers (Special) to libinit2.o(.ARM.Collect$$libinit$$00000021) for __rt_lib_init_clock_1
    libinit.o(.ARM.Collect$$libinit$$00000000) refers (Special) to libinit2.o(.ARM.Collect$$libinit$$00000032) for __rt_lib_init_cpp_1
    libinit.o(.ARM.Collect$$libinit$$00000000) refers (Special) to libinit2.o(.ARM.Collect$$libinit$$00000030) for __rt_lib_init_exceptions_1
    libinit.o(.ARM.Collect$$libinit$$00000000) refers (Special) to libinit2.o(.ARM.Collect$$libinit$$00000002) for __rt_lib_init_fp_1
    libinit.o(.ARM.Collect$$libinit$$00000000) refers (Special) to libinit2.o(.ARM.Collect$$libinit$$0000001F) for __rt_lib_init_fp_trap_1
    libinit.o(.ARM.Collect$$libinit$$00000000) refers (Special) to libinit2.o(.ARM.Collect$$libinit$$00000023) for __rt_lib_init_getenv_1
    libinit.o(.ARM.Collect$$libinit$$00000000) refers (Special) to libinit2.o(.ARM.Collect$$libinit$$0000000A) for __rt_lib_init_heap_1
    libinit.o(.ARM.Collect$$libinit$$00000000) refers (Special) to libinit2.o(.ARM.Collect$$libinit$$00000011) for __rt_lib_init_lc_collate_1
    libinit.o(.ARM.Collect$$libinit$$00000000) refers (Special) to libinit2.o(.ARM.Collect$$libinit$$00000013) for __rt_lib_init_lc_ctype_1
    libinit.o(.ARM.Collect$$libinit$$00000000) refers (Special) to libinit2.o(.ARM.Collect$$libinit$$00000015) for __rt_lib_init_lc_monetary_1
    libinit.o(.ARM.Collect$$libinit$$00000000) refers (Special) to libinit2.o(.ARM.Collect$$libinit$$00000017) for __rt_lib_init_lc_numeric_1
    libinit.o(.ARM.Collect$$libinit$$00000000) refers (Special) to libinit2.o(.ARM.Collect$$libinit$$00000019) for __rt_lib_init_lc_time_1
    libinit.o(.ARM.Collect$$libinit$$00000000) refers (Special) to libinit2.o(.ARM.Collect$$libinit$$00000004) for __rt_lib_init_preinit_1
    libinit.o(.ARM.Collect$$libinit$$00000000) refers (Special) to libinit2.o(.ARM.Collect$$libinit$$0000000E) for __rt_lib_init_rand_1
    libinit.o(.ARM.Collect$$libinit$$00000000) refers (Special) to libinit2.o(.ARM.Collect$$libinit$$00000033) for __rt_lib_init_return
    libinit.o(.ARM.Collect$$libinit$$00000000) refers (Special) to libinit2.o(.ARM.Collect$$libinit$$0000001D) for __rt_lib_init_signal_1
    libinit.o(.ARM.Collect$$libinit$$00000000) refers (Special) to libinit2.o(.ARM.Collect$$libinit$$00000025) for __rt_lib_init_stdio_1
    libinit.o(.ARM.Collect$$libinit$$00000000) refers (Special) to libinit2.o(.ARM.Collect$$libinit$$0000000C) for __rt_lib_init_user_alloc_1
    libspace.o(.text) refers to libspace.o(.bss) for __libspace_start
    rtexit.o(.ARM.Collect$$rtexit$$00000000) refers (Special) to rtexit2.o(.ARM.Collect$$rtexit$$00000004) for __rt_exit_exit
    rtexit.o(.ARM.Collect$$rtexit$$00000000) refers (Special) to rtexit2.o(.ARM.Collect$$rtexit$$00000003) for __rt_exit_ls
    rtexit.o(.ARM.Collect$$rtexit$$00000000) refers (Special) to rtexit2.o(.ARM.Collect$$rtexit$$00000002) for __rt_exit_prels_1
    rtexit.o(.ARM.exidx) refers (Special) to rtexit2.o(.ARM.Collect$$rtexit$$00000004) for __rt_exit_exit
    rtexit.o(.ARM.exidx) refers (Special) to rtexit2.o(.ARM.Collect$$rtexit$$00000003) for __rt_exit_ls
    rtexit.o(.ARM.exidx) refers (Special) to rtexit2.o(.ARM.Collect$$rtexit$$00000002) for __rt_exit_prels_1
    rtexit.o(.ARM.exidx) refers to rtexit.o(.ARM.Collect$$rtexit$$00000000) for .ARM.Collect$$rtexit$$00000000
    libinit2.o(.ARM.Collect$$libinit$$00000010) refers to libinit2.o(.ARM.Collect$$libinit$$0000000F) for .ARM.Collect$$libinit$$0000000F
    libinit2.o(.ARM.Collect$$libinit$$00000012) refers to libinit2.o(.ARM.Collect$$libinit$$0000000F) for .ARM.Collect$$libinit$$0000000F
    libinit2.o(.ARM.Collect$$libinit$$00000014) refers to libinit2.o(.ARM.Collect$$libinit$$0000000F) for .ARM.Collect$$libinit$$0000000F
    libinit2.o(.ARM.Collect$$libinit$$00000016) refers to libinit2.o(.ARM.Collect$$libinit$$0000000F) for .ARM.Collect$$libinit$$0000000F
    libinit2.o(.ARM.Collect$$libinit$$00000018) refers to libinit2.o(.ARM.Collect$$libinit$$0000000F) for .ARM.Collect$$libinit$$0000000F
    libinit2.o(.ARM.Collect$$libinit$$00000026) refers to argv_veneer.o(.emb_text) for __ARM_argv_veneer
    libinit2.o(.ARM.Collect$$libinit$$00000027) refers to argv_veneer.o(.emb_text) for __ARM_argv_veneer
    rtexit2.o(.ARM.Collect$$rtexit$$00000003) refers to libshutdown.o(.ARM.Collect$$libshutdown$$00000000) for __rt_lib_shutdown
    rtexit2.o(.ARM.Collect$$rtexit$$00000004) refers to retarget_1.o(i._sys_exit) for _sys_exit
    rtexit2.o(.ARM.exidx) refers to rtexit2.o(.ARM.Collect$$rtexit$$00000001) for .ARM.Collect$$rtexit$$00000001
    rtexit2.o(.ARM.exidx) refers to rtexit2.o(.ARM.Collect$$rtexit$$00000003) for .ARM.Collect$$rtexit$$00000003
    rtexit2.o(.ARM.exidx) refers to rtexit2.o(.ARM.Collect$$rtexit$$00000004) for .ARM.Collect$$rtexit$$00000004
    argv_veneer.o(.emb_text) refers to _get_argv_nomalloc.o(.text) for __ARM_get_argv
    _get_argv_nomalloc.o(.text) refers (Special) to hrguard.o(.text) for __heap_region$guard
    _get_argv_nomalloc.o(.text) refers to defsig_rtmem_outer.o(.text) for __rt_SIGRTMEM
    _get_argv_nomalloc.o(.text) refers to retarget_1.o(i._sys_command_string) for _sys_command_string
    libshutdown.o(.ARM.Collect$$libshutdown$$00000000) refers (Special) to libshutdown2.o(.ARM.Collect$$libshutdown$$00000004) for __rt_lib_shutdown_cpp_1
    libshutdown.o(.ARM.Collect$$libshutdown$$00000000) refers (Special) to libshutdown2.o(.ARM.Collect$$libshutdown$$00000002) for __rt_lib_shutdown_fini_1
    libshutdown.o(.ARM.Collect$$libshutdown$$00000000) refers (Special) to libshutdown2.o(.ARM.Collect$$libshutdown$$00000009) for __rt_lib_shutdown_fp_trap_1
    libshutdown.o(.ARM.Collect$$libshutdown$$00000000) refers (Special) to libshutdown2.o(.ARM.Collect$$libshutdown$$00000011) for __rt_lib_shutdown_heap_1
    libshutdown.o(.ARM.Collect$$libshutdown$$00000000) refers (Special) to libshutdown2.o(.ARM.Collect$$libshutdown$$00000012) for __rt_lib_shutdown_return
    libshutdown.o(.ARM.Collect$$libshutdown$$00000000) refers (Special) to libshutdown2.o(.ARM.Collect$$libshutdown$$0000000C) for __rt_lib_shutdown_signal_1
    libshutdown.o(.ARM.Collect$$libshutdown$$00000000) refers (Special) to libshutdown2.o(.ARM.Collect$$libshutdown$$00000006) for __rt_lib_shutdown_stdio_1
    libshutdown.o(.ARM.Collect$$libshutdown$$00000000) refers (Special) to libshutdown2.o(.ARM.Collect$$libshutdown$$0000000E) for __rt_lib_shutdown_user_alloc_1
    defsig_rtmem_outer.o(.text) refers to defsig_rtmem_inner.o(.text) for __rt_SIGRTMEM_inner
    defsig_rtmem_outer.o(.text) refers to defsig_exit.o(.text) for __sig_exit
    defsig_rtmem_formal.o(.text) refers to rt_raise.o(.text) for __rt_raise
    rt_raise.o(.text) refers to __raise.o(.text) for __raise
    rt_raise.o(.text) refers to retarget_1.o(i._sys_exit) for _sys_exit
    defsig_exit.o(.text) refers to retarget_1.o(i._sys_exit) for _sys_exit
    defsig_rtmem_inner.o(.text) refers to defsig_general.o(.text) for __default_signal_display
    __raise.o(.text) refers to defsig.o(CL$$defsig) for __default_signal_handler
    defsig_general.o(.text) refers to retarget_1.o(i._ttywrch) for _ttywrch
    defsig.o(CL$$defsig) refers to defsig_rtmem_inner.o(.text) for __rt_SIGRTMEM_inner
    defsig_abrt_inner.o(.text) refers to defsig_general.o(.text) for __default_signal_display
    defsig_fpe_inner.o(.text) refers to defsig_general.o(.text) for __default_signal_display
    defsig_rtred_inner.o(.text) refers to defsig_general.o(.text) for __default_signal_display
    defsig_stak_inner.o(.text) refers to defsig_general.o(.text) for __default_signal_display
    defsig_pvfn_inner.o(.text) refers to defsig_general.o(.text) for __default_signal_display
    defsig_cppl_inner.o(.text) refers to defsig_general.o(.text) for __default_signal_display
    defsig_segv_inner.o(.text) refers to defsig_general.o(.text) for __default_signal_display
    defsig_other.o(.text) refers to defsig_general.o(.text) for __default_signal_display


==============================================================================

Removing Unused input sections from the image.

    Removing assert.o(i.assert_failed), (4 bytes).
    Removing keypad.o(i.Clear_Line), (38 bytes).
    Removing keypad.o(i.Display_value), (88 bytes).
    Removing keypad.o(i.Get_Touch_Pad_Input), (292 bytes).
    Removing keypad.o(i.Make_Touch_Pad), (1516 bytes).
    Removing tft.o(.rev16_text), (4 bytes).
    Removing tft.o(.revsh_text), (4 bytes).
    Removing tft.o(i.TFT_DeleteArea), (86 bytes).
    Removing tft.o(i.TFT_FillArea), (98 bytes).
    Removing tft.o(i.TFT_Init), (20 bytes).
    Removing tft.o(i.TFT_bargraph_color), (54 bytes).
    Removing tft.o(i.TFT_bargraph_define), (254 bytes).
    Removing tft.o(i.TFT_bargraph_fill_pattern), (38 bytes).
    Removing tft.o(i.TFT_bargraph_frame), (38 bytes).
    Removing tft.o(i.TFT_bargraph_value), (46 bytes).
    Removing tft.o(i.TFT_bigChar), (176 bytes).
    Removing tft.o(i.TFT_bigString), (206 bytes).
    Removing tft.o(i.TFT_buzzer_off), (36 bytes).
    Removing tft.o(i.TFT_buzzer_on), (38 bytes).
    Removing tft.o(i.TFT_carriage_return), (10 bytes).
    Removing tft.o(i.TFT_cls), (10 bytes).
    Removing tft.o(i.TFT_cursor_off), (36 bytes).
    Removing tft.o(i.TFT_cursor_on), (36 bytes).
    Removing tft.o(i.TFT_draw_line), (146 bytes).
    Removing tft.o(i.TFT_draw_rectangle), (146 bytes).
    Removing tft.o(i.TFT_getProtocolSettings), (500 bytes).
    Removing tft.o(i.TFT_get_dat), (368 bytes).
    Removing tft.o(i.TFT_get_data), (54 bytes).
    Removing tft.o(i.TFT_gotoxy), (46 bytes).
    Removing tft.o(i.TFT_graphic_cls), (30 bytes).
    Removing tft.o(i.TFT_graphic_puts), (166 bytes).
    Removing tft.o(i.TFT_graphic_puts_area), (202 bytes).
    Removing tft.o(i.TFT_graphic_set_point), (98 bytes).
    Removing tft.o(i.TFT_line_color), (46 bytes).
    Removing tft.o(i.TFT_newline), (10 bytes).
    Removing tft.o(i.TFT_putc), (42 bytes).
    Removing tft.o(i.TFT_puts), (66 bytes).
    Removing tft.o(i.TFT_release), (2 bytes).
    Removing tft.o(i.TFT_send_data), (288 bytes).
    Removing tft.o(i.TFT_setTimeout), (228 bytes).
    Removing tft.o(i.TFT_set_brightness), (38 bytes).
    Removing tft.o(i.TFT_set_font), (38 bytes).
    Removing tft.o(i.TFT_set_font_color), (44 bytes).
    Removing tft.o(i.TFT_set_graphic_color), (44 bytes).
    Removing tft.o(i.TFT_set_graphic_text_color), (44 bytes).
    Removing tft.o(i.TFT_set_graphic_text_font), (38 bytes).
    Removing tft.o(i.TFT_set_pixel_color), (44 bytes).
    Removing tft.o(i.TFT_set_text_color), (54 bytes).
    Removing tft.o(i.TFT_set_window), (78 bytes).
    Removing tft.o(i.TFT_terminal_off), (30 bytes).
    Removing tft.o(i.TFT_terminal_on), (30 bytes).
    Removing tft.o(i.TFT_touch_area), (176 bytes).
    Removing tft.o(i.TFT_touch_area_clear), (42 bytes).
    Removing tft.o(i.TFT_touch_area_color), (86 bytes).
    Removing tft.o(i.TFT_touch_area_font), (38 bytes).
    Removing tft.o(i.TFT_touch_area_font_color), (46 bytes).
    Removing tft.o(i.TFT_touch_area_frame), (46 bytes).
    Removing tft.o(i.TFT_touch_key_feedback), (72 bytes).
    Removing tft.o(.bss), (262 bytes).
    Removing timer.o(.rev16_text), (4 bytes).
    Removing timer.o(.revsh_text), (4 bytes).
    Removing timer.o(i.getTimeStamp), (8 bytes).
    Removing timer.o(i.timerinit), (44 bytes).
    Removing ti_lib.o(.rev16_text), (4 bytes).
    Removing ti_lib.o(.revsh_text), (4 bytes).
    Removing ti_lib.o(i.Delay), (24 bytes).
    Removing ti_lib.o(i.Init_TI_Board), (30 bytes).
    Removing ti_lib.o(i.get_uptime), (12 bytes).
    Removing system_stm32f10x.o(.rev16_text), (4 bytes).
    Removing system_stm32f10x.o(.revsh_text), (4 bytes).
    Removing system_stm32f10x.o(i.SystemCoreClockUpdate), (164 bytes).
    Removing system_stm32f10x.o(.data), (20 bytes).
    Removing serial.o(.rev16_text), (4 bytes).
    Removing serial.o(.revsh_text), (4 bytes).
    Removing serial.o(i.SER_CheckChar), (24 bytes).
    Removing serial.o(i.SER_GetChar), (28 bytes).
    Removing serial.o(i.SER_Init), (152 bytes).
    Removing retarget_1.o(i.ferror), (8 bytes).
    Removing retarget_1.o(i.fgetc), (16 bytes).
    Removing retarget_1.o(i.fputc), (24 bytes).
    Removing retarget_1.o(.data), (12 bytes).
    Removing getline.o(i.getline), (112 bytes).
    Removing sim_board_io.o(.rev16_text), (4 bytes).
    Removing sim_board_io.o(.revsh_text), (4 bytes).
    Removing sim_board_io.o(i.Init_IO), (40 bytes).
    Removing sim_board_io.o(i.Init_SPI), (80 bytes).
    Removing sim_board_io.o(i.Init_System_Clock), (108 bytes).
    Removing sim_board_io_asm.o(MyCode), (60 bytes).

88 unused section(s) (total 7822 bytes) removed from the image.

==============================================================================

Image Symbol Table

    Local Symbols

    Symbol Name                              Value     Ov Type        Size  Object(Section)

    ../clib/angel/boardlib.s                 0x00000000   Number         0  boardshut.o ABSOLUTE
    ../clib/angel/boardlib.s                 0x00000000   Number         0  boardinit2.o ABSOLUTE
    ../clib/angel/boardlib.s                 0x00000000   Number         0  boardinit3.o ABSOLUTE
    ../clib/angel/boardlib.s                 0x00000000   Number         0  boardinit1.o ABSOLUTE
    ../clib/angel/handlers.s                 0x00000000   Number         0  __scatter_zi.o ABSOLUTE
    ../clib/angel/handlers.s                 0x00000000   Number         0  __scatter_copy.o ABSOLUTE
    ../clib/angel/kernel.s                   0x00000000   Number         0  rtexit2.o ABSOLUTE
    ../clib/angel/kernel.s                   0x00000000   Number         0  rtexit.o ABSOLUTE
    ../clib/angel/kernel.s                   0x00000000   Number         0  __rtentry4.o ABSOLUTE
    ../clib/angel/kernel.s                   0x00000000   Number         0  __rtentry2.o ABSOLUTE
    ../clib/angel/kernel.s                   0x00000000   Number         0  __rtentry.o ABSOLUTE
    ../clib/angel/rt.s                       0x00000000   Number         0  rt_raise.o ABSOLUTE
    ../clib/angel/scatter.s                  0x00000000   Number         0  __scatter.o ABSOLUTE
    ../clib/angel/startup.s                  0x00000000   Number         0  __main.o ABSOLUTE
    ../clib/angel/sys.s                      0x00000000   Number         0  libspace.o ABSOLUTE
    ../clib/angel/sys.s                      0x00000000   Number         0  sys_stackheap_outer.o ABSOLUTE
    ../clib/armsys.c                         0x00000000   Number         0  argv_veneer.o ABSOLUTE
    ../clib/armsys.c                         0x00000000   Number         0  argv_veneer.o ABSOLUTE
    ../clib/armsys.c                         0x00000000   Number         0  no_argv.o ABSOLUTE
    ../clib/armsys.c                         0x00000000   Number         0  _get_argv_nomalloc.o ABSOLUTE
    ../clib/heapalloc.c                      0x00000000   Number         0  hrguard.o ABSOLUTE
    ../clib/heapaux.c                        0x00000000   Number         0  heapauxi.o ABSOLUTE
    ../clib/libinit.s                        0x00000000   Number         0  libinit.o ABSOLUTE
    ../clib/libinit.s                        0x00000000   Number         0  libinit2.o ABSOLUTE
    ../clib/libinit.s                        0x00000000   Number         0  libshutdown2.o ABSOLUTE
    ../clib/libinit.s                        0x00000000   Number         0  libshutdown.o ABSOLUTE
    ../clib/memcpset.s                       0x00000000   Number         0  rt_memclr_w.o ABSOLUTE
    ../clib/memcpset.s                       0x00000000   Number         0  rt_memcpy_w.o ABSOLUTE
    ../clib/misc.s                           0x00000000   Number         0  printf_stubs.o ABSOLUTE
    ../clib/printf.c                         0x00000000   Number         0  _printf_hex_int_ptr.o ABSOLUTE
    ../clib/printf.c                         0x00000000   Number         0  _printf_hex_ll_ptr.o ABSOLUTE
    ../clib/printf.c                         0x00000000   Number         0  _printf_hex_int_ll_ptr.o ABSOLUTE
    ../clib/printf.c                         0x00000000   Number         0  __printf_flags.o ABSOLUTE
    ../clib/printf.c                         0x00000000   Number         0  __printf_ss.o ABSOLUTE
    ../clib/printf.c                         0x00000000   Number         0  __printf_wp.o ABSOLUTE
    ../clib/printf.c                         0x00000000   Number         0  __printf_flags_wp.o ABSOLUTE
    ../clib/printf.c                         0x00000000   Number         0  __printf_ss_wp.o ABSOLUTE
    ../clib/printf.c                         0x00000000   Number         0  __printf_flags_ss_wp.o ABSOLUTE
    ../clib/printf.c                         0x00000000   Number         0  _printf_intcommon.o ABSOLUTE
    ../clib/printf.c                         0x00000000   Number         0  _printf_char_common.o ABSOLUTE
    ../clib/printf.c                         0x00000000   Number         0  _sputc.o ABSOLUTE
    ../clib/printf.c                         0x00000000   Number         0  _snputc.o ABSOLUTE
    ../clib/printf.c                         0x00000000   Number         0  _printf_char_file.o ABSOLUTE
    ../clib/printf.c                         0x00000000   Number         0  __printf_nopercent.o ABSOLUTE
    ../clib/printf.c                         0x00000000   Number         0  __printf.o ABSOLUTE
    ../clib/printf.c                         0x00000000   Number         0  __2printf.o ABSOLUTE
    ../clib/printf.c                         0x00000000   Number         0  __2snprintf.o ABSOLUTE
    ../clib/printf.c                         0x00000000   Number         0  noretval__2printf.o ABSOLUTE
    ../clib/printf.c                         0x00000000   Number         0  noretval__2snprintf.o ABSOLUTE
    ../clib/printf.c                         0x00000000   Number         0  __printf_flags_ss.o ABSOLUTE
    ../clib/printf.c                         0x00000000   Number         0  _printf_pad.o ABSOLUTE
    ../clib/printf.c                         0x00000000   Number         0  _printf_dec.o ABSOLUTE
    ../clib/printf.c                         0x00000000   Number         0  _printf_hex_ll.o ABSOLUTE
    ../clib/printf.c                         0x00000000   Number         0  _printf_hex_int.o ABSOLUTE
    ../clib/printf.c                         0x00000000   Number         0  _printf_hex_int_ll.o ABSOLUTE
    ../clib/printf.c                         0x00000000   Number         0  _printf_hex_ptr.o ABSOLUTE
    ../clib/printf_percent.s                 0x00000000   Number         0  _printf_percent_end.o ABSOLUTE
    ../clib/printf_percent.s                 0x00000000   Number         0  _printf_d.o ABSOLUTE
    ../clib/printf_percent.s                 0x00000000   Number         0  _printf_percent.o ABSOLUTE
    ../clib/printf_percent.s                 0x00000000   Number         0  _printf_x.o ABSOLUTE
    ../clib/signal.c                         0x00000000   Number         0  defsig_abrt_inner.o ABSOLUTE
    ../clib/signal.c                         0x00000000   Number         0  defsig_pvfn_inner.o ABSOLUTE
    ../clib/signal.c                         0x00000000   Number         0  defsig_rtmem_formal.o ABSOLUTE
    ../clib/signal.c                         0x00000000   Number         0  defsig_cppl_inner.o ABSOLUTE
    ../clib/signal.c                         0x00000000   Number         0  defsig_stak_inner.o ABSOLUTE
    ../clib/signal.c                         0x00000000   Number         0  defsig_rtred_inner.o ABSOLUTE
    ../clib/signal.c                         0x00000000   Number         0  defsig_fpe_inner.o ABSOLUTE
    ../clib/signal.c                         0x00000000   Number         0  defsig_rtmem_outer.o ABSOLUTE
    ../clib/signal.c                         0x00000000   Number         0  defsig_general.o ABSOLUTE
    ../clib/signal.c                         0x00000000   Number         0  __raise.o ABSOLUTE
    ../clib/signal.c                         0x00000000   Number         0  defsig_segv_inner.o ABSOLUTE
    ../clib/signal.c                         0x00000000   Number         0  defsig_other.o ABSOLUTE
    ../clib/signal.c                         0x00000000   Number         0  defsig_exit.o ABSOLUTE
    ../clib/signal.c                         0x00000000   Number         0  defsig_rtmem_inner.o ABSOLUTE
    ../clib/signal.s                         0x00000000   Number         0  defsig.o ABSOLUTE
    ../clib/stdio.c                          0x00000000   Number         0  putc.o ABSOLUTE
    ../clib/stdlib.c                         0x00000000   Number         0  exit.o ABSOLUTE
    ../clib/string.c                         0x00000000   Number         0  strlen.o ABSOLUTE
    ../fplib/fpinit.s                        0x00000000   Number         0  fpinit.o ABSOLUTE
    CountPrimNum.c                           0x00000000   Number         0  countprimnum.o ABSOLUTE
    TI_BRD_LIB\Library\TI_Lib.c              0x00000000   Number         0  ti_lib.o ABSOLUTE
    TI_BRD_LIB\Library\assert.c              0x00000000   Number         0  assert.o ABSOLUTE
    TI_BRD_LIB\Library\keypad.c              0x00000000   Number         0  keypad.o ABSOLUTE
    TI_BRD_LIB\Library\tft.c                 0x00000000   Number         0  tft.o ABSOLUTE
    TI_BRD_LIB\Library\timer.c               0x00000000   Number         0  timer.o ABSOLUTE
    TI_BRD_LIB\Simulated_Board\Getline.c     0x00000000   Number         0  getline.o ABSOLUTE
    TI_BRD_LIB\Simulated_Board\Retarget.c    0x00000000   Number         0  retarget_1.o ABSOLUTE
    TI_BRD_LIB\Simulated_Board\SIM_Board_IO.c 0x00000000   Number         0  sim_board_io.o ABSOLUTE
    TI_BRD_LIB\Simulated_Board\SIM_Board_IO_asm.s 0x00000000   Number         0  sim_board_io_asm.o ABSOLUTE
    TI_BRD_LIB\Simulated_Board\Serial.c      0x00000000   Number         0  serial.o ABSOLUTE
    TI_BRD_LIB\Simulated_Board\startup_stm32f10x_md.s 0x00000000   Number         0  startup_stm32f10x_md.o ABSOLUTE
    TI_BRD_LIB\Simulated_Board\system_stm32f10x.c 0x00000000   Number         0  system_stm32f10x.o ABSOLUTE
    TI_BRD_LIB\\Library\\TI_Lib.c            0x00000000   Number         0  ti_lib.o ABSOLUTE
    TI_BRD_LIB\\Library\\tft.c               0x00000000   Number         0  tft.o ABSOLUTE
    TI_BRD_LIB\\Library\\timer.c             0x00000000   Number         0  timer.o ABSOLUTE
    TI_BRD_LIB\\Simulated_Board\\SIM_Board_IO.c 0x00000000   Number         0  sim_board_io.o ABSOLUTE
    TI_BRD_LIB\\Simulated_Board\\Serial.c    0x00000000   Number         0  serial.o ABSOLUTE
    TI_BRD_LIB\\Simulated_Board\\system_stm32f10x.c 0x00000000   Number         0  system_stm32f10x.o ABSOLUTE
    dc.s                                     0x00000000   Number         0  dc.o ABSOLUTE
    main.s                                   0x00000000   Number         0  main_1.o ABSOLUTE
    RESET                                    0x08000000   Section      236  startup_stm32f10x_md.o(RESET)
    !!!main                                  0x080000ec   Section        8  __main.o(!!!main)
    !!!scatter                               0x080000f4   Section       52  __scatter.o(!!!scatter)
    !!handler_copy                           0x08000128   Section       26  __scatter_copy.o(!!handler_copy)
    !!handler_zi                             0x08000144   Section       28  __scatter_zi.o(!!handler_zi)
    .ARM.Collect$$libinit$$00000000          0x08000160   Section        2  libinit.o(.ARM.Collect$$libinit$$00000000)
    .ARM.Collect$$libinit$$00000002          0x08000162   Section        0  libinit2.o(.ARM.Collect$$libinit$$00000002)
    .ARM.Collect$$libinit$$00000004          0x08000162   Section        0  libinit2.o(.ARM.Collect$$libinit$$00000004)
    .ARM.Collect$$libinit$$0000000A          0x08000162   Section        0  libinit2.o(.ARM.Collect$$libinit$$0000000A)
    .ARM.Collect$$libinit$$0000000C          0x08000162   Section        0  libinit2.o(.ARM.Collect$$libinit$$0000000C)
    .ARM.Collect$$libinit$$0000000E          0x08000162   Section        0  libinit2.o(.ARM.Collect$$libinit$$0000000E)
    .ARM.Collect$$libinit$$00000011          0x08000162   Section        0  libinit2.o(.ARM.Collect$$libinit$$00000011)
    .ARM.Collect$$libinit$$00000013          0x08000162   Section        0  libinit2.o(.ARM.Collect$$libinit$$00000013)
    .ARM.Collect$$libinit$$00000015          0x08000162   Section        0  libinit2.o(.ARM.Collect$$libinit$$00000015)
    .ARM.Collect$$libinit$$00000017          0x08000162   Section        0  libinit2.o(.ARM.Collect$$libinit$$00000017)
    .ARM.Collect$$libinit$$00000019          0x08000162   Section        0  libinit2.o(.ARM.Collect$$libinit$$00000019)
    .ARM.Collect$$libinit$$0000001B          0x08000162   Section        0  libinit2.o(.ARM.Collect$$libinit$$0000001B)
    .ARM.Collect$$libinit$$0000001D          0x08000162   Section        0  libinit2.o(.ARM.Collect$$libinit$$0000001D)
    .ARM.Collect$$libinit$$0000001F          0x08000162   Section        0  libinit2.o(.ARM.Collect$$libinit$$0000001F)
    .ARM.Collect$$libinit$$00000021          0x08000162   Section        0  libinit2.o(.ARM.Collect$$libinit$$00000021)
    .ARM.Collect$$libinit$$00000023          0x08000162   Section        0  libinit2.o(.ARM.Collect$$libinit$$00000023)
    .ARM.Collect$$libinit$$00000025          0x08000162   Section        0  libinit2.o(.ARM.Collect$$libinit$$00000025)
    .ARM.Collect$$libinit$$00000027          0x08000162   Section        8  libinit2.o(.ARM.Collect$$libinit$$00000027)
    .ARM.Collect$$libinit$$0000002E          0x0800016a   Section        0  libinit2.o(.ARM.Collect$$libinit$$0000002E)
    .ARM.Collect$$libinit$$00000030          0x0800016a   Section        0  libinit2.o(.ARM.Collect$$libinit$$00000030)
    .ARM.Collect$$libinit$$00000032          0x0800016a   Section        0  libinit2.o(.ARM.Collect$$libinit$$00000032)
    .ARM.Collect$$libinit$$00000033          0x0800016a   Section        2  libinit2.o(.ARM.Collect$$libinit$$00000033)
    .ARM.Collect$$libshutdown$$00000000      0x0800016c   Section        2  libshutdown.o(.ARM.Collect$$libshutdown$$00000000)
    .ARM.Collect$$libshutdown$$00000002      0x0800016e   Section        0  libshutdown2.o(.ARM.Collect$$libshutdown$$00000002)
    .ARM.Collect$$libshutdown$$00000004      0x0800016e   Section        0  libshutdown2.o(.ARM.Collect$$libshutdown$$00000004)
    .ARM.Collect$$libshutdown$$00000006      0x0800016e   Section        0  libshutdown2.o(.ARM.Collect$$libshutdown$$00000006)
    .ARM.Collect$$libshutdown$$00000009      0x0800016e   Section        0  libshutdown2.o(.ARM.Collect$$libshutdown$$00000009)
    .ARM.Collect$$libshutdown$$0000000C      0x0800016e   Section        0  libshutdown2.o(.ARM.Collect$$libshutdown$$0000000C)
    .ARM.Collect$$libshutdown$$0000000E      0x0800016e   Section        0  libshutdown2.o(.ARM.Collect$$libshutdown$$0000000E)
    .ARM.Collect$$libshutdown$$00000011      0x0800016e   Section        0  libshutdown2.o(.ARM.Collect$$libshutdown$$00000011)
    .ARM.Collect$$libshutdown$$00000012      0x0800016e   Section        2  libshutdown2.o(.ARM.Collect$$libshutdown$$00000012)
    .ARM.Collect$$rtentry$$00000000          0x08000170   Section        0  __rtentry.o(.ARM.Collect$$rtentry$$00000000)
    .ARM.Collect$$rtentry$$00000002          0x08000170   Section        0  __rtentry2.o(.ARM.Collect$$rtentry$$00000002)
    .ARM.Collect$$rtentry$$00000004          0x08000170   Section        6  __rtentry4.o(.ARM.Collect$$rtentry$$00000004)
    .ARM.Collect$$rtentry$$00000009          0x08000176   Section        0  __rtentry2.o(.ARM.Collect$$rtentry$$00000009)
    .ARM.Collect$$rtentry$$0000000A          0x08000176   Section        4  __rtentry2.o(.ARM.Collect$$rtentry$$0000000A)
    .ARM.Collect$$rtentry$$0000000C          0x0800017a   Section        0  __rtentry2.o(.ARM.Collect$$rtentry$$0000000C)
    .ARM.Collect$$rtentry$$0000000D          0x0800017a   Section        8  __rtentry2.o(.ARM.Collect$$rtentry$$0000000D)
    .ARM.Collect$$rtexit$$00000000           0x08000182   Section        2  rtexit.o(.ARM.Collect$$rtexit$$00000000)
    .ARM.Collect$$rtexit$$00000002           0x08000184   Section        0  rtexit2.o(.ARM.Collect$$rtexit$$00000002)
    .ARM.Collect$$rtexit$$00000003           0x08000184   Section        4  rtexit2.o(.ARM.Collect$$rtexit$$00000003)
    .ARM.Collect$$rtexit$$00000004           0x08000188   Section        6  rtexit2.o(.ARM.Collect$$rtexit$$00000004)
    .emb_text                                0x08000190   Section        4  argv_veneer.o(.emb_text)
    .text                                    0x08000194   Section       64  startup_stm32f10x_md.o(.text)
    .text                                    0x080001d8   Section      172  main_1.o(.text)
    .text                                    0x08000284   Section        0  heapauxi.o(.text)
    .text                                    0x0800028a   Section       74  sys_stackheap_outer.o(.text)
    .text                                    0x080002d4   Section        0  exit.o(.text)
    .text                                    0x080002e8   Section        8  libspace.o(.text)
    .text                                    0x080002f0   Section        0  _get_argv_nomalloc.o(.text)
    .text                                    0x0800041e   Section        0  hrguard.o(.text)
    .text                                    0x08000422   Section        0  defsig_rtmem_outer.o(.text)
    .text                                    0x08000430   Section        0  defsig_exit.o(.text)
    .text                                    0x0800043c   Section        0  defsig_rtmem_inner.o(.text)
    .text                                    0x0800048c   Section        0  defsig_general.o(.text)
    i.CountPrimNum                           0x080004be   Section        0  countprimnum.o(i.CountPrimNum)
    i.SER_PutChar                            0x080004d8   Section        0  serial.o(i.SER_PutChar)
    i.SetSysClock                            0x080004f8   Section        0  system_stm32f10x.o(i.SetSysClock)
    SetSysClock                              0x080004f9   Thumb Code     8  system_stm32f10x.o(i.SetSysClock)
    i.SetSysClockTo72                        0x08000500   Section        0  system_stm32f10x.o(i.SetSysClockTo72)
    SetSysClockTo72                          0x08000501   Thumb Code   214  system_stm32f10x.o(i.SetSysClockTo72)
    i.SysTick_Handler                        0x080005e0   Section        0  ti_lib.o(i.SysTick_Handler)
    i.SystemInit                             0x080005e8   Section        0  system_stm32f10x.o(i.SystemInit)
    i.TimingDelay_Decrement                  0x08000648   Section        0  ti_lib.o(i.TimingDelay_Decrement)
    i._sys_command_string                    0x0800066c   Section        0  retarget_1.o(i._sys_command_string)
    i._sys_exit                              0x08000672   Section        0  retarget_1.o(i._sys_exit)
    i._ttywrch                               0x08000676   Section        0  retarget_1.o(i._ttywrch)
    .data                                    0x20000000   Section        8  ti_lib.o(.data)
    TimingDelay                              0x20000000   Data           4  ti_lib.o(.data)
    uptime                                   0x20000004   Data           4  ti_lib.o(.data)
    MyData                                   0x20000008   Section      104  main_1.o(MyData)
    .bss                                     0x20000070   Section       96  libspace.o(.bss)
    HEAP                                     0x200000d0   Section    32768  startup_stm32f10x_md.o(HEAP)
    Heap_Mem                                 0x200000d0   Data       32768  startup_stm32f10x_md.o(HEAP)
    STACK                                    0x200080d0   Section     4096  startup_stm32f10x_md.o(STACK)
    Stack_Mem                                0x200080d0   Data        4096  startup_stm32f10x_md.o(STACK)
    __initial_sp                             0x200090d0   Data           0  startup_stm32f10x_md.o(STACK)

    Global Symbols

    Symbol Name                              Value     Ov Type        Size  Object(Section)

    BuildAttributes$$THM_ISAv4$P$D$K$B$S$PE$A:L22UL41UL21$X:L11$S22US41US21$IEEE1$IW$USESV6$~STKCKD$USESV7$~SHL$OSPACE$ROPI$EBA8$UX$STANDARDLIB$REQ8$PRES8$EABIv2 0x00000000   Number         0  anon$$obj.o ABSOLUTE
    _printf_flags                            0x00000000   Number         0  printf_stubs.o ABSOLUTE
    _printf_return_value                     0x00000000   Number         0  printf_stubs.o ABSOLUTE
    _printf_sizespec                         0x00000000   Number         0  printf_stubs.o ABSOLUTE
    _printf_widthprec                        0x00000000   Number         0  printf_stubs.o ABSOLUTE
    __ARM_exceptions_init                     - Undefined Weak Reference
    __alloca_initialize                       - Undefined Weak Reference
    __arm_fini_                               - Undefined Weak Reference
    __arm_preinit_                            - Undefined Weak Reference
    __cpp_initialize__aeabi_                  - Undefined Weak Reference
    __cxa_finalize                            - Undefined Weak Reference
    __rt_locale                               - Undefined Weak Reference
    __sigvec_lookup                           - Undefined Weak Reference
    _atexit_init                              - Undefined Weak Reference
    _call_atexit_fns                          - Undefined Weak Reference
    _clock_init                               - Undefined Weak Reference
    _fp_trap_init                             - Undefined Weak Reference
    _fp_trap_shutdown                         - Undefined Weak Reference
    _get_lc_collate                           - Undefined Weak Reference
    _get_lc_ctype                             - Undefined Weak Reference
    _get_lc_monetary                          - Undefined Weak Reference
    _get_lc_numeric                           - Undefined Weak Reference
    _get_lc_time                              - Undefined Weak Reference
    _getenv_init                              - Undefined Weak Reference
    _handle_redirection                       - Undefined Weak Reference
    _init_alloc                               - Undefined Weak Reference
    _init_user_alloc                          - Undefined Weak Reference
    _initio                                   - Undefined Weak Reference
    _printf_truncate_signed                   - Undefined Weak Reference
    _printf_truncate_unsigned                 - Undefined Weak Reference
    _rand_init                                - Undefined Weak Reference
    _signal_finish                            - Undefined Weak Reference
    _signal_init                              - Undefined Weak Reference
    _terminate_alloc                          - Undefined Weak Reference
    _terminate_user_alloc                     - Undefined Weak Reference
    _terminateio                              - Undefined Weak Reference
    __Vectors_Size                           0x000000ec   Number         0  startup_stm32f10x_md.o ABSOLUTE
    __Vectors                                0x08000000   Data           4  startup_stm32f10x_md.o(RESET)
    __Vectors_End                            0x080000ec   Data           0  startup_stm32f10x_md.o(RESET)
    __main                                   0x080000ed   Thumb Code     8  __main.o(!!!main)
    __scatterload                            0x080000f5   Thumb Code     0  __scatter.o(!!!scatter)
    __scatterload_rt2                        0x080000f5   Thumb Code    44  __scatter.o(!!!scatter)
    __scatterload_rt2_thumb_only             0x080000f5   Thumb Code     0  __scatter.o(!!!scatter)
    __scatterload_null                       0x08000103   Thumb Code     0  __scatter.o(!!!scatter)
    __scatterload_copy                       0x08000129   Thumb Code    26  __scatter_copy.o(!!handler_copy)
    __scatterload_zeroinit                   0x08000145   Thumb Code    28  __scatter_zi.o(!!handler_zi)
    __rt_lib_init                            0x08000161   Thumb Code     0  libinit.o(.ARM.Collect$$libinit$$00000000)
    __rt_lib_init_argv_1                     0x08000163   Thumb Code     0  libinit2.o(.ARM.Collect$$libinit$$00000027)
    __rt_lib_init_atexit_1                   0x08000163   Thumb Code     0  libinit2.o(.ARM.Collect$$libinit$$0000001B)
    __rt_lib_init_clock_1                    0x08000163   Thumb Code     0  libinit2.o(.ARM.Collect$$libinit$$00000021)
    __rt_lib_init_fp_1                       0x08000163   Thumb Code     0  libinit2.o(.ARM.Collect$$libinit$$00000002)
    __rt_lib_init_fp_trap_1                  0x08000163   Thumb Code     0  libinit2.o(.ARM.Collect$$libinit$$0000001F)
    __rt_lib_init_getenv_1                   0x08000163   Thumb Code     0  libinit2.o(.ARM.Collect$$libinit$$00000023)
    __rt_lib_init_heap_1                     0x08000163   Thumb Code     0  libinit2.o(.ARM.Collect$$libinit$$0000000A)
    __rt_lib_init_heapregion_libspace_used   0x08000163   Thumb Code     0  libinit2.o(.ARM.Collect$$libinit$$00000027)
    __rt_lib_init_lc_collate_1               0x08000163   Thumb Code     0  libinit2.o(.ARM.Collect$$libinit$$00000011)
    __rt_lib_init_lc_ctype_1                 0x08000163   Thumb Code     0  libinit2.o(.ARM.Collect$$libinit$$00000013)
    __rt_lib_init_lc_monetary_1              0x08000163   Thumb Code     0  libinit2.o(.ARM.Collect$$libinit$$00000015)
    __rt_lib_init_lc_numeric_1               0x08000163   Thumb Code     0  libinit2.o(.ARM.Collect$$libinit$$00000017)
    __rt_lib_init_lc_time_1                  0x08000163   Thumb Code     0  libinit2.o(.ARM.Collect$$libinit$$00000019)
    __rt_lib_init_preinit_1                  0x08000163   Thumb Code     0  libinit2.o(.ARM.Collect$$libinit$$00000004)
    __rt_lib_init_rand_1                     0x08000163   Thumb Code     0  libinit2.o(.ARM.Collect$$libinit$$0000000E)
    __rt_lib_init_signal_1                   0x08000163   Thumb Code     0  libinit2.o(.ARM.Collect$$libinit$$0000001D)
    __rt_lib_init_stdio_1                    0x08000163   Thumb Code     0  libinit2.o(.ARM.Collect$$libinit$$00000025)
    __rt_lib_init_user_alloc_1               0x08000163   Thumb Code     0  libinit2.o(.ARM.Collect$$libinit$$0000000C)
    __rt_lib_init_alloca_1                   0x0800016b   Thumb Code     0  libinit2.o(.ARM.Collect$$libinit$$0000002E)
    __rt_lib_init_cpp_1                      0x0800016b   Thumb Code     0  libinit2.o(.ARM.Collect$$libinit$$00000032)
    __rt_lib_init_exceptions_1               0x0800016b   Thumb Code     0  libinit2.o(.ARM.Collect$$libinit$$00000030)
    __rt_lib_init_return                     0x0800016b   Thumb Code     0  libinit2.o(.ARM.Collect$$libinit$$00000033)
    __rt_lib_shutdown                        0x0800016d   Thumb Code     0  libshutdown.o(.ARM.Collect$$libshutdown$$00000000)
    __rt_lib_shutdown_cpp_1                  0x0800016f   Thumb Code     0  libshutdown2.o(.ARM.Collect$$libshutdown$$00000004)
    __rt_lib_shutdown_fini_1                 0x0800016f   Thumb Code     0  libshutdown2.o(.ARM.Collect$$libshutdown$$00000002)
    __rt_lib_shutdown_fp_trap_1              0x0800016f   Thumb Code     0  libshutdown2.o(.ARM.Collect$$libshutdown$$00000009)
    __rt_lib_shutdown_heap_1                 0x0800016f   Thumb Code     0  libshutdown2.o(.ARM.Collect$$libshutdown$$00000011)
    __rt_lib_shutdown_return                 0x0800016f   Thumb Code     0  libshutdown2.o(.ARM.Collect$$libshutdown$$00000012)
    __rt_lib_shutdown_signal_1               0x0800016f   Thumb Code     0  libshutdown2.o(.ARM.Collect$$libshutdown$$0000000C)
    __rt_lib_shutdown_stdio_1                0x0800016f   Thumb Code     0  libshutdown2.o(.ARM.Collect$$libshutdown$$00000006)
    __rt_lib_shutdown_user_alloc_1           0x0800016f   Thumb Code     0  libshutdown2.o(.ARM.Collect$$libshutdown$$0000000E)
    __rt_entry                               0x08000171   Thumb Code     0  __rtentry.o(.ARM.Collect$$rtentry$$00000000)
    __rt_entry_presh_1                       0x08000171   Thumb Code     0  __rtentry2.o(.ARM.Collect$$rtentry$$00000002)
    __rt_entry_sh                            0x08000171   Thumb Code     0  __rtentry4.o(.ARM.Collect$$rtentry$$00000004)
    __rt_entry_li                            0x08000177   Thumb Code     0  __rtentry2.o(.ARM.Collect$$rtentry$$0000000A)
    __rt_entry_postsh_1                      0x08000177   Thumb Code     0  __rtentry2.o(.ARM.Collect$$rtentry$$00000009)
    __rt_entry_main                          0x0800017b   Thumb Code     0  __rtentry2.o(.ARM.Collect$$rtentry$$0000000D)
    __rt_entry_postli_1                      0x0800017b   Thumb Code     0  __rtentry2.o(.ARM.Collect$$rtentry$$0000000C)
    __rt_exit                                0x08000183   Thumb Code     0  rtexit.o(.ARM.Collect$$rtexit$$00000000)
    __rt_exit_ls                             0x08000185   Thumb Code     0  rtexit2.o(.ARM.Collect$$rtexit$$00000003)
    __rt_exit_prels_1                        0x08000185   Thumb Code     0  rtexit2.o(.ARM.Collect$$rtexit$$00000002)
    __rt_exit_exit                           0x08000189   Thumb Code     0  rtexit2.o(.ARM.Collect$$rtexit$$00000004)
    __ARM_argv_veneer                        0x08000191   Thumb Code     4  argv_veneer.o(.emb_text)
    Reset_Handler                            0x08000195   Thumb Code     8  startup_stm32f10x_md.o(.text)
    NMI_Handler                              0x0800019d   Thumb Code     2  startup_stm32f10x_md.o(.text)
    HardFault_Handler                        0x0800019f   Thumb Code     2  startup_stm32f10x_md.o(.text)
    MemManage_Handler                        0x080001a1   Thumb Code     2  startup_stm32f10x_md.o(.text)
    BusFault_Handler                         0x080001a3   Thumb Code     2  startup_stm32f10x_md.o(.text)
    UsageFault_Handler                       0x080001a5   Thumb Code     2  startup_stm32f10x_md.o(.text)
    SVC_Handler                              0x080001a7   Thumb Code     2  startup_stm32f10x_md.o(.text)
    DebugMon_Handler                         0x080001a9   Thumb Code     2  startup_stm32f10x_md.o(.text)
    PendSV_Handler                           0x080001ab   Thumb Code     2  startup_stm32f10x_md.o(.text)
    ADC1_2_IRQHandler                        0x080001af   Thumb Code     0  startup_stm32f10x_md.o(.text)
    CAN1_RX1_IRQHandler                      0x080001af   Thumb Code     0  startup_stm32f10x_md.o(.text)
    CAN1_SCE_IRQHandler                      0x080001af   Thumb Code     0  startup_stm32f10x_md.o(.text)
    DMA1_Channel1_IRQHandler                 0x080001af   Thumb Code     0  startup_stm32f10x_md.o(.text)
    DMA1_Channel2_IRQHandler                 0x080001af   Thumb Code     0  startup_stm32f10x_md.o(.text)
    DMA1_Channel3_IRQHandler                 0x080001af   Thumb Code     0  startup_stm32f10x_md.o(.text)
    DMA1_Channel4_IRQHandler                 0x080001af   Thumb Code     0  startup_stm32f10x_md.o(.text)
    DMA1_Channel5_IRQHandler                 0x080001af   Thumb Code     0  startup_stm32f10x_md.o(.text)
    DMA1_Channel6_IRQHandler                 0x080001af   Thumb Code     0  startup_stm32f10x_md.o(.text)
    DMA1_Channel7_IRQHandler                 0x080001af   Thumb Code     0  startup_stm32f10x_md.o(.text)
    EXTI0_IRQHandler                         0x080001af   Thumb Code     0  startup_stm32f10x_md.o(.text)
    EXTI15_10_IRQHandler                     0x080001af   Thumb Code     0  startup_stm32f10x_md.o(.text)
    EXTI1_IRQHandler                         0x080001af   Thumb Code     0  startup_stm32f10x_md.o(.text)
    EXTI2_IRQHandler                         0x080001af   Thumb Code     0  startup_stm32f10x_md.o(.text)
    EXTI3_IRQHandler                         0x080001af   Thumb Code     0  startup_stm32f10x_md.o(.text)
    EXTI4_IRQHandler                         0x080001af   Thumb Code     0  startup_stm32f10x_md.o(.text)
    EXTI9_5_IRQHandler                       0x080001af   Thumb Code     0  startup_stm32f10x_md.o(.text)
    FLASH_IRQHandler                         0x080001af   Thumb Code     0  startup_stm32f10x_md.o(.text)
    I2C1_ER_IRQHandler                       0x080001af   Thumb Code     0  startup_stm32f10x_md.o(.text)
    I2C1_EV_IRQHandler                       0x080001af   Thumb Code     0  startup_stm32f10x_md.o(.text)
    I2C2_ER_IRQHandler                       0x080001af   Thumb Code     0  startup_stm32f10x_md.o(.text)
    I2C2_EV_IRQHandler                       0x080001af   Thumb Code     0  startup_stm32f10x_md.o(.text)
    PVD_IRQHandler                           0x080001af   Thumb Code     0  startup_stm32f10x_md.o(.text)
    RCC_IRQHandler                           0x080001af   Thumb Code     0  startup_stm32f10x_md.o(.text)
    RTCAlarm_IRQHandler                      0x080001af   Thumb Code     0  startup_stm32f10x_md.o(.text)
    RTC_IRQHandler                           0x080001af   Thumb Code     0  startup_stm32f10x_md.o(.text)
    SPI1_IRQHandler                          0x080001af   Thumb Code     0  startup_stm32f10x_md.o(.text)
    SPI2_IRQHandler                          0x080001af   Thumb Code     0  startup_stm32f10x_md.o(.text)
    TAMPER_IRQHandler                        0x080001af   Thumb Code     0  startup_stm32f10x_md.o(.text)
    TIM1_BRK_IRQHandler                      0x080001af   Thumb Code     0  startup_stm32f10x_md.o(.text)
    TIM1_CC_IRQHandler                       0x080001af   Thumb Code     0  startup_stm32f10x_md.o(.text)
    TIM1_TRG_COM_IRQHandler                  0x080001af   Thumb Code     0  startup_stm32f10x_md.o(.text)
    TIM1_UP_IRQHandler                       0x080001af   Thumb Code     0  startup_stm32f10x_md.o(.text)
    TIM2_IRQHandler                          0x080001af   Thumb Code     0  startup_stm32f10x_md.o(.text)
    TIM3_IRQHandler                          0x080001af   Thumb Code     0  startup_stm32f10x_md.o(.text)
    TIM4_IRQHandler                          0x080001af   Thumb Code     0  startup_stm32f10x_md.o(.text)
    USART1_IRQHandler                        0x080001af   Thumb Code     0  startup_stm32f10x_md.o(.text)
    USART2_IRQHandler                        0x080001af   Thumb Code     0  startup_stm32f10x_md.o(.text)
    USART3_IRQHandler                        0x080001af   Thumb Code     0  startup_stm32f10x_md.o(.text)
    USBWakeUp_IRQHandler                     0x080001af   Thumb Code     0  startup_stm32f10x_md.o(.text)
    USB_HP_CAN1_TX_IRQHandler                0x080001af   Thumb Code     0  startup_stm32f10x_md.o(.text)
    USB_LP_CAN1_RX0_IRQHandler               0x080001af   Thumb Code     0  startup_stm32f10x_md.o(.text)
    WWDG_IRQHandler                          0x080001af   Thumb Code     0  startup_stm32f10x_md.o(.text)
    __user_initial_stackheap                 0x080001b1   Thumb Code     0  startup_stm32f10x_md.o(.text)
    main                                     0x080001d9   Thumb Code   138  main_1.o(.text)
    __use_two_region_memory                  0x08000285   Thumb Code     2  heapauxi.o(.text)
    __rt_heap_escrow$2region                 0x08000287   Thumb Code     2  heapauxi.o(.text)
    __rt_heap_expand$2region                 0x08000289   Thumb Code     2  heapauxi.o(.text)
    __user_setup_stackheap                   0x0800028b   Thumb Code    74  sys_stackheap_outer.o(.text)
    exit                                     0x080002d5   Thumb Code    18  exit.o(.text)
    __user_libspace                          0x080002e9   Thumb Code     8  libspace.o(.text)
    __user_perproc_libspace                  0x080002e9   Thumb Code     0  libspace.o(.text)
    __user_perthread_libspace                0x080002e9   Thumb Code     0  libspace.o(.text)
    __argv_alloc                             0x080002f1   Thumb Code    34  _get_argv_nomalloc.o(.text)
    __ARM_get_argv                           0x08000313   Thumb Code   268  _get_argv_nomalloc.o(.text)
    __use_no_heap_region                     0x0800041f   Thumb Code     2  hrguard.o(.text)
    __heap_region$guard                      0x08000421   Thumb Code     2  hrguard.o(.text)
    __rt_SIGRTMEM                            0x08000423   Thumb Code    14  defsig_rtmem_outer.o(.text)
    __sig_exit                               0x08000431   Thumb Code    10  defsig_exit.o(.text)
    __rt_SIGRTMEM_inner                      0x0800043d   Thumb Code    22  defsig_rtmem_inner.o(.text)
    __default_signal_display                 0x0800048d   Thumb Code    50  defsig_general.o(.text)
    CountPrimNum                             0x080004bf   Thumb Code    24  countprimnum.o(i.CountPrimNum)
    SER_PutChar                              0x080004d9   Thumb Code    26  serial.o(i.SER_PutChar)
    SysTick_Handler                          0x080005e1   Thumb Code     8  ti_lib.o(i.SysTick_Handler)
    SystemInit                               0x080005e9   Thumb Code    78  system_stm32f10x.o(i.SystemInit)
    TimingDelay_Decrement                    0x08000649   Thumb Code    28  ti_lib.o(i.TimingDelay_Decrement)
    _sys_command_string                      0x0800066d   Thumb Code     6  retarget_1.o(i._sys_command_string)
    _sys_exit                                0x08000673   Thumb Code     4  retarget_1.o(i._sys_exit)
    _ttywrch                                 0x08000677   Thumb Code    12  retarget_1.o(i._ttywrch)
    Region$$Table$$Base                      0x08000684   Number         0  anon$$obj.o(Region$$Table)
    Region$$Table$$Limit                     0x080006a4   Number         0  anon$$obj.o(Region$$Table)
    prims                                    0x20000008   Data         100  main_1.o(MyData)
    __libspace_start                         0x20000070   Data          96  libspace.o(.bss)
    __temporary_stack_top$libspace           0x200000d0   Data           0  libspace.o(.bss)
    timer                                    0x40000824   Number         0  sim_board_io_asm.o ABSOLUTE
    GPIO_E_PIN                               0x40011808   Number         0  sim_board_io_asm.o ABSOLUTE
    GPIO_G_PIN                               0x4001200c   Number         0  sim_board_io_asm.o ABSOLUTE
    GPIO_G_SET                               0x40012010   Number         0  sim_board_io_asm.o ABSOLUTE
    GPIO_G_CLR                               0x40012012   Number         0  sim_board_io_asm.o ABSOLUTE
    ADC3_DR                                  0x9400004c   Number         0  sim_board_io_asm.o ABSOLUTE



==============================================================================

Memory Map of the image

  Image Entry point : 0x080000ed

  Load Region LR_IROM1 (Base: 0x08000000, Size: 0x00000714, Max: 0x00040000, ABSOLUTE)

    Execution Region ER_IROM1 (Exec base: 0x08000000, Load base: 0x08000000, Size: 0x000006a4, Max: 0x00040000, ABSOLUTE)

    Exec Addr    Load Addr    Size         Type   Attr      Idx    E Section Name        Object

    0x08000000   0x08000000   0x000000ec   Data   RO          540    RESET               startup_stm32f10x_md.o
    0x080000ec   0x080000ec   0x00000008   Code   RO          786  * !!!main             c_w.l(__main.o)
    0x080000f4   0x080000f4   0x00000034   Code   RO          949    !!!scatter          c_w.l(__scatter.o)
    0x08000128   0x08000128   0x0000001a   Code   RO          951    !!handler_copy      c_w.l(__scatter_copy.o)
    0x08000142   0x08000142   0x00000002   PAD
    0x08000144   0x08000144   0x0000001c   Code   RO          953    !!handler_zi        c_w.l(__scatter_zi.o)
    0x08000160   0x08000160   0x00000002   Code   RO          826    .ARM.Collect$$libinit$$00000000  c_w.l(libinit.o)
    0x08000162   0x08000162   0x00000000   Code   RO          833    .ARM.Collect$$libinit$$00000002  c_w.l(libinit2.o)
    0x08000162   0x08000162   0x00000000   Code   RO          835    .ARM.Collect$$libinit$$00000004  c_w.l(libinit2.o)
    0x08000162   0x08000162   0x00000000   Code   RO          838    .ARM.Collect$$libinit$$0000000A  c_w.l(libinit2.o)
    0x08000162   0x08000162   0x00000000   Code   RO          840    .ARM.Collect$$libinit$$0000000C  c_w.l(libinit2.o)
    0x08000162   0x08000162   0x00000000   Code   RO          842    .ARM.Collect$$libinit$$0000000E  c_w.l(libinit2.o)
    0x08000162   0x08000162   0x00000000   Code   RO          845    .ARM.Collect$$libinit$$00000011  c_w.l(libinit2.o)
    0x08000162   0x08000162   0x00000000   Code   RO          847    .ARM.Collect$$libinit$$00000013  c_w.l(libinit2.o)
    0x08000162   0x08000162   0x00000000   Code   RO          849    .ARM.Collect$$libinit$$00000015  c_w.l(libinit2.o)
    0x08000162   0x08000162   0x00000000   Code   RO          851    .ARM.Collect$$libinit$$00000017  c_w.l(libinit2.o)
    0x08000162   0x08000162   0x00000000   Code   RO          853    .ARM.Collect$$libinit$$00000019  c_w.l(libinit2.o)
    0x08000162   0x08000162   0x00000000   Code   RO          855    .ARM.Collect$$libinit$$0000001B  c_w.l(libinit2.o)
    0x08000162   0x08000162   0x00000000   Code   RO          857    .ARM.Collect$$libinit$$0000001D  c_w.l(libinit2.o)
    0x08000162   0x08000162   0x00000000   Code   RO          859    .ARM.Collect$$libinit$$0000001F  c_w.l(libinit2.o)
    0x08000162   0x08000162   0x00000000   Code   RO          861    .ARM.Collect$$libinit$$00000021  c_w.l(libinit2.o)
    0x08000162   0x08000162   0x00000000   Code   RO          863    .ARM.Collect$$libinit$$00000023  c_w.l(libinit2.o)
    0x08000162   0x08000162   0x00000000   Code   RO          865    .ARM.Collect$$libinit$$00000025  c_w.l(libinit2.o)
    0x08000162   0x08000162   0x00000008   Code   RO          867    .ARM.Collect$$libinit$$00000027  c_w.l(libinit2.o)
    0x0800016a   0x0800016a   0x00000000   Code   RO          871    .ARM.Collect$$libinit$$0000002E  c_w.l(libinit2.o)
    0x0800016a   0x0800016a   0x00000000   Code   RO          873    .ARM.Collect$$libinit$$00000030  c_w.l(libinit2.o)
    0x0800016a   0x0800016a   0x00000000   Code   RO          875    .ARM.Collect$$libinit$$00000032  c_w.l(libinit2.o)
    0x0800016a   0x0800016a   0x00000002   Code   RO          876    .ARM.Collect$$libinit$$00000033  c_w.l(libinit2.o)
    0x0800016c   0x0800016c   0x00000002   Code   RO          894    .ARM.Collect$$libshutdown$$00000000  c_w.l(libshutdown.o)
    0x0800016e   0x0800016e   0x00000000   Code   RO          902    .ARM.Collect$$libshutdown$$00000002  c_w.l(libshutdown2.o)
    0x0800016e   0x0800016e   0x00000000   Code   RO          904    .ARM.Collect$$libshutdown$$00000004  c_w.l(libshutdown2.o)
    0x0800016e   0x0800016e   0x00000000   Code   RO          906    .ARM.Collect$$libshutdown$$00000006  c_w.l(libshutdown2.o)
    0x0800016e   0x0800016e   0x00000000   Code   RO          909    .ARM.Collect$$libshutdown$$00000009  c_w.l(libshutdown2.o)
    0x0800016e   0x0800016e   0x00000000   Code   RO          912    .ARM.Collect$$libshutdown$$0000000C  c_w.l(libshutdown2.o)
    0x0800016e   0x0800016e   0x00000000   Code   RO          914    .ARM.Collect$$libshutdown$$0000000E  c_w.l(libshutdown2.o)
    0x0800016e   0x0800016e   0x00000000   Code   RO          917    .ARM.Collect$$libshutdown$$00000011  c_w.l(libshutdown2.o)
    0x0800016e   0x0800016e   0x00000002   Code   RO          918    .ARM.Collect$$libshutdown$$00000012  c_w.l(libshutdown2.o)
    0x08000170   0x08000170   0x00000000   Code   RO          788    .ARM.Collect$$rtentry$$00000000  c_w.l(__rtentry.o)
    0x08000170   0x08000170   0x00000000   Code   RO          801    .ARM.Collect$$rtentry$$00000002  c_w.l(__rtentry2.o)
    0x08000170   0x08000170   0x00000006   Code   RO          813    .ARM.Collect$$rtentry$$00000004  c_w.l(__rtentry4.o)
    0x08000176   0x08000176   0x00000000   Code   RO          803    .ARM.Collect$$rtentry$$00000009  c_w.l(__rtentry2.o)
    0x08000176   0x08000176   0x00000004   Code   RO          804    .ARM.Collect$$rtentry$$0000000A  c_w.l(__rtentry2.o)
    0x0800017a   0x0800017a   0x00000000   Code   RO          806    .ARM.Collect$$rtentry$$0000000C  c_w.l(__rtentry2.o)
    0x0800017a   0x0800017a   0x00000008   Code   RO          807    .ARM.Collect$$rtentry$$0000000D  c_w.l(__rtentry2.o)
    0x08000182   0x08000182   0x00000002   Code   RO          830    .ARM.Collect$$rtexit$$00000000  c_w.l(rtexit.o)
    0x08000184   0x08000184   0x00000000   Code   RO          878    .ARM.Collect$$rtexit$$00000002  c_w.l(rtexit2.o)
    0x08000184   0x08000184   0x00000004   Code   RO          879    .ARM.Collect$$rtexit$$00000003  c_w.l(rtexit2.o)
    0x08000188   0x08000188   0x00000006   Code   RO          880    .ARM.Collect$$rtexit$$00000004  c_w.l(rtexit2.o)
    0x0800018e   0x0800018e   0x00000002   PAD
    0x08000190   0x08000190   0x00000004   Code   RO          884    .emb_text           c_w.l(argv_veneer.o)
    0x08000194   0x08000194   0x00000040   Code   RO          541    .text               startup_stm32f10x_md.o
    0x080001d4   0x080001d4   0x00000004   PAD
    0x080001d8   0x080001d8   0x000000ac   Code   RO          712    .text               main_1.o
    0x08000284   0x08000284   0x00000006   Code   RO          784    .text               c_w.l(heapauxi.o)
    0x0800028a   0x0800028a   0x0000004a   Code   RO          817    .text               c_w.l(sys_stackheap_outer.o)
    0x080002d4   0x080002d4   0x00000012   Code   RO          819    .text               c_w.l(exit.o)
    0x080002e6   0x080002e6   0x00000002   PAD
    0x080002e8   0x080002e8   0x00000008   Code   RO          827    .text               c_w.l(libspace.o)
    0x080002f0   0x080002f0   0x0000012e   Code   RO          890    .text               c_w.l(_get_argv_nomalloc.o)
    0x0800041e   0x0800041e   0x00000004   Code   RO          895    .text               c_w.l(hrguard.o)
    0x08000422   0x08000422   0x0000000e   Code   RO          897    .text               c_w.l(defsig_rtmem_outer.o)
    0x08000430   0x08000430   0x0000000a   Code   RO          921    .text               c_w.l(defsig_exit.o)
    0x0800043a   0x0800043a   0x00000002   PAD
    0x0800043c   0x0800043c   0x00000050   Code   RO          923    .text               c_w.l(defsig_rtmem_inner.o)
    0x0800048c   0x0800048c   0x00000032   Code   RO          927    .text               c_w.l(defsig_general.o)
    0x080004be   0x080004be   0x00000018   Code   RO          699    i.CountPrimNum      countprimnum.o
    0x080004d6   0x080004d6   0x00000002   PAD
    0x080004d8   0x080004d8   0x00000020   Code   RO          550    i.SER_PutChar       serial.o
    0x080004f8   0x080004f8   0x00000008   Code   RO          491    i.SetSysClock       system_stm32f10x.o
    0x08000500   0x08000500   0x000000e0   Code   RO          492    i.SetSysClockTo72   system_stm32f10x.o
    0x080005e0   0x080005e0   0x00000008   Code   RO          447    i.SysTick_Handler   ti_lib.o
    0x080005e8   0x080005e8   0x00000060   Code   RO          494    i.SystemInit        system_stm32f10x.o
    0x08000648   0x08000648   0x00000024   Code   RO          448    i.TimingDelay_Decrement  ti_lib.o
    0x0800066c   0x0800066c   0x00000006   Code   RO          586    i._sys_command_string  retarget_1.o
    0x08000672   0x08000672   0x00000004   Code   RO          587    i._sys_exit         retarget_1.o
    0x08000676   0x08000676   0x0000000c   Code   RO          588    i._ttywrch          retarget_1.o
    0x08000682   0x08000682   0x00000002   PAD
    0x08000684   0x08000684   0x00000020   Data   RO          947    Region$$Table       anon$$obj.o


    Execution Region RW_IRAM1 (Exec base: 0x20000000, Load base: 0x080006a4, Size: 0x000090d0, Max: 0x0000c000, ABSOLUTE)

    Exec Addr    Load Addr    Size         Type   Attr      Idx    E Section Name        Object

    0x20000000   0x080006a4   0x00000008   Data   RW          450    .data               ti_lib.o
    0x20000008   0x080006ac   0x00000068   Data   RW          711    MyData              main_1.o
    0x20000070        -       0x00000060   Zero   RW          828    .bss                c_w.l(libspace.o)
    0x200000d0        -       0x00008000   Zero   RW          539    HEAP                startup_stm32f10x_md.o
    0x200080d0        -       0x00001000   Zero   RW          538    STACK               startup_stm32f10x_md.o


==============================================================================

Image component sizes


      Code (inc. data)   RO Data    RW Data    ZI Data      Debug   Object Name

         0          0          0          0          0       4508   assert.o
        24          0          0          0          0        603   countprimnum.o
       172          6          0        104          0        336   main_1.o
        22          0          0          0          0       1469   retarget_1.o
        32          6          0          0          0        482   serial.o
        64         26        236          0      36864        804   startup_stm32f10x_md.o
       328         28          0          0          0       1897   system_stm32f10x.o
         0          0          0          0          0         32   tft.o
        44          8          0          8          0       1318   ti_lib.o

    ----------------------------------------------------------------------
       694         78        268        112      36864      11449   Object Totals
         0          0         32          0          0          0   (incl. Generated)
         8          4          0          0          0          0   (incl. Padding)

    ----------------------------------------------------------------------

      Code (inc. data)   RO Data    RW Data    ZI Data      Debug   Library Member Name

         8          0          0          0          0         68   __main.o
         0          0          0          0          0          0   __rtentry.o
        12          0          0          0          0          0   __rtentry2.o
         6          0          0          0          0          0   __rtentry4.o
        52          8          0          0          0          0   __scatter.o
        26          0          0          0          0          0   __scatter_copy.o
        28          0          0          0          0          0   __scatter_zi.o
       302          0          0          0          0        168   _get_argv_nomalloc.o
         4          0          0          0          0         68   argv_veneer.o
        10          0          0          0          0         68   defsig_exit.o
        50          0          0          0          0         88   defsig_general.o
        80         58          0          0          0         76   defsig_rtmem_inner.o
        14          0          0          0          0         80   defsig_rtmem_outer.o
        18          0          0          0          0         80   exit.o
         6          0          0          0          0        152   heapauxi.o
         4          0          0          0          0        136   hrguard.o
         2          0          0          0          0          0   libinit.o
        10          0          0          0          0          0   libinit2.o
         2          0          0          0          0          0   libshutdown.o
         2          0          0          0          0          0   libshutdown2.o
         8          4          0          0         96         68   libspace.o
         2          0          0          0          0          0   rtexit.o
        10          0          0          0          0          0   rtexit2.o
        74          0          0          0          0         80   sys_stackheap_outer.o

    ----------------------------------------------------------------------
       738         70          0          0         96       1132   Library Totals
         8          0          0          0          0          0   (incl. Padding)

    ----------------------------------------------------------------------

      Code (inc. data)   RO Data    RW Data    ZI Data      Debug   Library Name

       730         70          0          0         96       1132   c_w.l

    ----------------------------------------------------------------------
       738         70          0          0         96       1132   Library Totals

    ----------------------------------------------------------------------

==============================================================================


      Code (inc. data)   RO Data    RW Data    ZI Data      Debug   

      1432        148        268        112      36960      11745   Grand Totals
      1432        148        268        112      36960      11745   ELF Image Totals
      1432        148        268        112          0          0   ROM Totals

==============================================================================

    Total RO  Size (Code + RO Data)                 1700 (   1.66kB)
    Total RW  Size (RW Data + ZI Data)             37072 (  36.20kB)
    Total ROM Size (Code + RO Data + RW Data)       1812 (   1.77kB)

==============================================================================

