<html>
<body>
<pre>
<h1>µVision Build Log</h1>
<h2>Tool Versions:</h2>
IDE-Version: µVision V5.32.0.0
Copyright (C) 2020 ARM Ltd and ARM Germany GmbH. All rights reserved.
License Information: Sahin Tekes, HAW Hamburg, LIC=----
 
Tool Versions:
Toolchain:       MDK-Lite  Version: 5.32.0.0
Toolchain Path:  C:\Keil_v5\ARM\ARMCC\Bin
C Compiler:      Armcc.exe V5.06 update 7 (build 960)
Assembler:       Armasm.exe V5.06 update 7 (build 960)
Linker/Locator:  ArmLink.exe V5.06 update 7 (build 960)
Library Manager: ArmAr.exe V5.06 update 7 (build 960)
Hex Converter:   FromElf.exe V5.06 update 7 (build 960)
CPU DLL:         SARMCM3.DLL V5.32.0.0
Dialog DLL:      DARMSTM.DLL V1.68.0.0
Target DLL:      UL2CM3.DLL V1.163.9.0
Dialog DLL:      TARMSTM.DLL V1.66.0.0
 
<h2>Project:</h2>
C:\TI_Labor\Keil\Eratosthenes\Eratosthenes.uvproj
Project File Date:  05/17/2021

<h2>Output:</h2>
*** Using Compiler 'V5.06 update 7 (build 960)', folder: 'C:\Keil_v5\ARM\ARMCC\Bin'
Rebuild target 'Simulation Assembler'
Note: source file 'TI_BRD_LIB\Simulated_Board\Retarget.c' - object file renamed from '.\Objects\Retarget.o' to '.\Objects\retarget_1.o'.
Note: source file '.\main.s' - object file renamed from '.\Objects\main.o' to '.\Objects\main_1.o'.
assembling startup_stm32f10x_md.s...
compiling assert.c...
compiling keypad.c...
compiling Retarget.c...
compiling Getline.c...
compiling TI_Lib.c...
compiling timer.c...
compiling system_stm32f10x.c...
assembling SIM_Board_IO_asm.s...
compiling CountPrimNum.c...
assembling main.s...
compiling Serial.c...
compiling tft.c...
compiling SIM_Board_IO.c...
linking...
Program Size: Code=1432 RO-data=268 RW-data=112 ZI-data=36960  
".\Objects\Eratosthenes.axf" - 0 Error(s), 0 Warning(s).
Build Time Elapsed:  00:00:01
</pre>
</body>
</html>
